af,ZA,af_ZA,Afrikaans (South Africa),af_ZA.zip
ak,GH,ak_GH,Akan (Ghana),ak_GH.zip
bg,BG,bg_BG,Bulgarian (Bulgaria),bg_BG.zip
ca,ES,ca_ES,Catalan (Spain),ca_ES.zip
hr,HR,hr_HR,Croatian (Croatia),hr_HR.zip
cs,CZ,cs_CZ,Czech (Czech Republic),cs_CZ.zip
da,DK,da_DK,Danish (Denmark),da_DK.zip
nl,NL,nl_NL,Dutch (Netherlands),nl_NL.zip
nl,NL,nl_med,Dutch Medical (Netherlands),nl_med.zip
nl,BE,nl_NL,Dutch (Belgium),nl_NL.zip
nl,BE,nl_NL,Dutch Medical (Belgium),nl_NL.zip
en,AU,en_AU,English (Australia),en_AU.zip
en,CA,en_CA,English (Canada),en_CA.zip
en,NZ,en_NZ,English (New Zealand),en_NZ.zip
en,US,en_US,English (United States),en_US.zip
en,ZA,en_ZA,English (South Africa),en_ZA.zip
eo,ANY,eo_l3,Esperanto,eo.zip
et,EE,et_EE,Estonian (Estonia),et_EE.zip
fi,FI,fi_FI,Finnish (Finland),fi_FI.zip
fo,FO,fo_FO,Faroese (Faroe Islands),fo_FO.zip
fr,BE,fr_FR,French (Belgium),fr_FR.zip
fr,CA,fr_FR,French (Canada),fr_FR.zip
fr,FR,fr_FR,French (France),fr_FR.zip
fr,LU,fr_FR,French (Luxembourg),fr_FR.zip
fr,MC,fr_FR,French (Monaco),fr_FR.zip
fr,CH,fr_FR,French (Switzerland),fr_FR.zip
fr,BE,fr_FR-1990,French reforme (Belgium),fr_FR-1990.zip
fr,CA,fr_FR-1990,French reforme (Canada),fr_FR-1990.zip
fr,FR,fr_FR-1990,French reforme (France),fr_FR-1990.zip
fr,LU,fr_FR-1990,French reforme (Luxembourg),fr_FR-1990.zip
fr,MC,fr_FR-1990,French reforme (Monaco),fr_FR-1990.zip
fr,CH,fr_FR-1990,French reforme (Switzerland),fr_FR-1990.zip
fy,NL,fy_NL,Frisian (Netherlands),fy_NL.zip
gl,ES,gl_ES,Galician (Spain),gl_ES.zip
gsc,FR,gsc_FR,Gascon (France),gsc_FR.zip
de,AT,de_DE,German (Austria Base),de_DE.zip
de,AT,de_AT,German (Austria Extension),de_AT.zip
de,AT,de_frami_neu,German (Austria Base) neu 08/2006 (frami),de_frami_neu.zip
de,DE,de_DE,German (Germany),de_DE.zip
de,DE,de_DE_neu,German (Germany-neu ortho.),de_DE_neu.zip
de,DE,de_DE_comb,German (Germany-comb ortho.),de_DE_comb.zip
de,DE,de_frami_neu,German (Germany) neu 08/2006 (frami),de_frami_neu.zip
de,LI,de_CH,German (Liechtenstein),de_CH.zip
de,LI,de_frami_neu,German (Liechtenstein) neu 08/2006 (frami),de_frami_neu.zip
de,LU,de_DE,German (Luxembourg),de_DE.zip
de,LU,de_frami_neu,German (Luxembourg) neu 08/2006 (frami),de_frami_neu.zip
de,CH,de_CH,German (Switzerland),de_CH.zip
el,GR,el_GR,Greek (Greece),el_GR.zip
gu,IN,gu_IN,Gujarati (India),gu_IN.zip
gd,GB,gd_GB,Scots Gaelic (Scotland),gd_GB.zip
he,IL,he_IL,Hebrew (Israel),he_IL.zip
hu,HU,hu_HU,Hungarian (Hungary),hu_HU.zip
hu,HU,hu_HU_comb,Hungarian (Hungary) collected compounds,hu_HU_comb.zip
id,ID,id_ID,Indonesian (Indonesia),id_ID.zip
ia,ANY,ia_ANY,Interlingua (ANY locale),ia_ANY.zip
ga,IE,ga_IE,Irish (Ireland),ga_IE.zip
it,IT,it_IT,Italian (Italy),it_IT.zip
it,CH,it_IT,Italian (Switzerland),it_IT.zip
sw,KE,sw_KE,Kiswahili (Africa),sw_KE.zip
lv,LV,lv_LV,Latvian (Latvia),lv_LV.zip
ku,TR,ku_TR,Kurdish (Turkey),ku_TR.zip
ku,TR,ku_TR,Kurdish (Syria),ku_TR.zip
it,IT,la,Latin (for x-register),la.zip
lt,LT,lt_LT,Lithuanian (Lithuania),lt_LT.zip
mk,MK,mk_MK,Macedonian (Macedonia),mk_MK.zip
ms,MY,ms_MY,Malay (Malaysia),ms_MY.zip
mi,NZ,mi_NZ,Maori (New Zealand),mi_NZ.zip
mr,IN,mr_IN,Marathi (India),mr_IN.zip
mos,BF,mos_BF,Moore,ms_BF.zip
nr,ZA,nr_ZA,Ndebele (South Africa),nr_ZA.zip
ne,NP,ne_NP,Nepali (Nepal),ne_NP.zip
ns,ZA,ns_ZA,Northern Sotho (South Africa),ns_ZA.zip
nb,NO,nb_NO,Norwegian Bokmaal (Norway),nb_NO.zip
nn,NO,nn_NO,Norwegian Nynorsk (Norway),nn_NO.zip
oc,FR,oc_FR,Occitan (Languedoc),oc_FR.zip
pl,PL,pl_PL,Polish (Poland),pl_PL.zip
pt,BR,pt_BR,Portuguese (Brazil),pt_BR.zip
pt,PT,pt_PT,Portuguese (Portugal),pt_PT.zip
ro,RO,ro_RO,Romanian (Romania),ro_RO.zip
ru,RU,ru_RU,Russian (Russia),ru_RU.zip
ru,RU,ru_RU_ye,Russian_ye (Russia),ru_RU_ye.zip
ru,RU,ru_RU_yo,Russian_yo (Russia),ru_RU_yo.zip
tn,ZA,tn_ZA,Setswana (Africa),tn_ZA.zip
sk,SK,sk_SK,Slovak (Slovakia),sk_SK.zip
sl,SI,sl_SI,Slovenian (Slovenia),sl_SI.zip
st,ZA,st_ZA,Southern Sotho (South Africa),st_ZA.zip
es,AR,es_AR,Spanish (Argentina),es_AR.zip
es,BZ,es_HN,Spanish (Belize),es_HN.zip
es,BO,es_BO,Spanish (Bolivia),es_BO.zip
es,CL,es_CL,Spanish (Chile),es_CL.zip
es,CO,es_CO,Spanish (Colombia),es_CO.zip
es,CR,es_CR,Spanish (Costa Rica),es_CR.zip
es,CU,es_CU,Spanish (Cuba),es_CU.zip
es,DO,es_DO,Spanish (Dominican Republic),es_DO.zip
es,EC,es_EC,Spanish (Ecuador),es_EC.zip
es,SV,es_SV,Spanish (El Salvador),es_SV.zip
es,GT,es_GT,Spanish (Guatemala),es_GT.zip
es,HN,es_HN,Spanish (Honduras),es_HN.zip
es,MX,es_MX,Spanish (Mexico),es_MX.zip
es,NI,es_NI,Spanish (Nicaragua),es_NI.zip
es,PA,es_PA,Spanish (Panama),es_PA.zip
es,PY,es_PY,Spanish (Paraguay),es_PY.zip
es,PE,es_PE,Spanish (Peru),es_PE.zip
es,PR,es_PR,Spanish (Puerto Rico),es_PR.zip
es,ES,es_ES,Spanish (Spain),es_ES.zip
es,UY,es_UY,Spanish (Uruguay),es_UY.zip
es,VE,es_VE,Spanish (Venezuela),es_VE.zip
ss,ZA,ss_ZA,Swati (South Africa),ss_ZA.zip
sv,SE,sv_SE,Swedish (Sweden),sv_SE.zip
ts,ZA,ts_ZA,Tsonga (South Africa),ts_ZA.zip
uk,UA,uk_UA,Ukrainian (Ukraine),uk_UA.zip
ur,IN,ur_PK,Urdu (India),ur_PK.zip
ur,PK,ur_PK,Urdu (Pakistan),ur_PK.zip
ve,ZA,ve_ZA,Venda (South Africa),ve_ZA.zip
vi,VN,vi_VN,Vietnamese (Viet-Nam),vi_VN.zip
cy,GB,cy_GB,Welsh (Wales),cy_GB.zip
xh,ZA,xh_ZA,Xhosa (South Africa),xh_ZA.zip
zu,ZA,zu_ZA,Zulu (South Africa),zu_ZA.zip
